\BOOKMARK [1][-]{section*.1}{\376\377\000A\000b\000s\000t\000r\000a\000c\000t}{}% 1
\BOOKMARK [1][-]{section.1}{\376\377\0001\000\040\000I\000n\000t\000r\000o\000d\000u\000c\000t\000i\000o\000n}{}% 2
\BOOKMARK [1][-]{section.2}{\376\377\0002\000\040\000A\000r\000c\000h\000i\000t\000e\000c\000t\000u\000r\000e}{}% 3
\BOOKMARK [1][-]{section.3}{\376\377\0003\000\040\000D\000e\000t\000e\000r\000m\000i\000n\000i\000s\000m}{}% 4
\BOOKMARK [2][-]{subsection.3.1}{\376\377\0003\000.\0001\000\040\000M\000o\000t\000i\000v\000a\000t\000i\000o\000n\000\040\000t\000o\000\040\000u\000s\000e\000\040\000D\000e\000t\000e\000r\000m\000i\000n\000i\000s\000m}{section.3}% 5
\BOOKMARK [2][-]{subsection.3.2}{\376\377\0003\000.\0002\000\040\000I\000m\000p\000l\000e\000m\000e\000n\000t\000a\000t\000i\000o\000n}{section.3}% 6
\BOOKMARK [1][-]{section.4}{\376\377\0004\000\040\000E\000v\000a\000l\000u\000a\000t\000i\000o\000n}{}% 7
\BOOKMARK [1][-]{section.5}{\376\377\0005\000\040\000C\000o\000n\000c\000l\000u\000s\000i\000o\000n}{}% 8
